[  564159ms] [ERROR] Failed to load resource: the server responded with a status of 404 (Not Found) @ http://localhost:5173/src/styles.css?t=1780642034666:0
[  564160ms] [ERROR] [hmr] Failed to reload /src/styles.css. This could be due to syntax errors or importing non-existent modules. (see errors above) @ http://localhost:5173/@vite/client:175
[ 1681790ms] [WARNING] [Vue warn]: Property "nodeIconFor" was accessed during render but is not defined on instance. 
  at <App> @ http://localhost:5173/node_modules/.vite/deps/chunk-SU3UL5I2.js?v=3f37cdf6:2230
[ 1681791ms] [WARNING] [Vue warn]: Unhandled error during execution of render function 
  at <App> @ http://localhost:5173/node_modules/.vite/deps/chunk-SU3UL5I2.js?v=3f37cdf6:2230
[ 1681791ms] [ERROR] TypeError: _ctx.nodeIconFor is not a function
    at http://localhost:5173/src/App.vue?t=1780643151731:889:83
    at renderList (http://localhost:5173/node_modules/.vite/deps/chunk-SU3UL5I2.js?v=3f37cdf6:5381:16)
    at Proxy._sfc_render (http://localhost:5173/src/App.vue?t=1780643151731:866:19)
    at renderComponentRoot (http://localhost:5173/node_modules/.vite/deps/chunk-SU3UL5I2.js?v=3f37cdf6:6749:17)
    at ReactiveEffect.componentUpdateFn [as fn] (http://localhost:5173/node_modules/.vite/deps/chunk-SU3UL5I2.js?v=3f37cdf6:8400:26)
    at ReactiveEffect.run (http://localhost:5173/node_modules/.vite/deps/chunk-SU3UL5I2.js?v=3f37cdf6:534:19)
    at http://localhost:5173/node_modules/.vite/deps/chunk-SU3UL5I2.js?v=3f37cdf6:2683:16
    at Array.forEach (<anonymous>)
    at rerender (http://localhost:5173/node_modules/.vite/deps/chunk-SU3UL5I2.js?v=3f37cdf6:2675:25)
    at Object.rerender (http://localhost:5173/node_modules/.vite/deps/chunk-SU3UL5I2.js?v=3f37cdf6:2749:14) @ http://localhost:5173/node_modules/.vite/deps/chunk-SU3UL5I2.js?v=3f37cdf6:2750
[ 1681792ms] [WARNING] [HMR] Something went wrong during Vue component hot-reload. Full reload required. @ http://localhost:5173/node_modules/.vite/deps/chunk-SU3UL5I2.js?v=3f37cdf6:2751
[ 1729823ms] [WARNING] [Vue warn]: Property "nodeIconFor" was accessed during render but is not defined on instance. 
  at <App> @ http://localhost:5173/node_modules/.vite/deps/chunk-SU3UL5I2.js?v=3f37cdf6:2230
[ 1729823ms] [WARNING] [Vue warn]: Unhandled error during execution of render function 
  at <App> @ http://localhost:5173/node_modules/.vite/deps/chunk-SU3UL5I2.js?v=3f37cdf6:2230
[ 1729823ms] [ERROR] TypeError: _ctx.nodeIconFor is not a function
    at http://localhost:5173/src/App.vue?t=1780643200166:891:83
    at renderList (http://localhost:5173/node_modules/.vite/deps/chunk-SU3UL5I2.js?v=3f37cdf6:5381:16)
    at Proxy._sfc_render (http://localhost:5173/src/App.vue?t=1780643200166:868:19)
    at renderComponentRoot (http://localhost:5173/node_modules/.vite/deps/chunk-SU3UL5I2.js?v=3f37cdf6:6749:17)
    at ReactiveEffect.componentUpdateFn [as fn] (http://localhost:5173/node_modules/.vite/deps/chunk-SU3UL5I2.js?v=3f37cdf6:8400:26)
    at ReactiveEffect.run (http://localhost:5173/node_modules/.vite/deps/chunk-SU3UL5I2.js?v=3f37cdf6:534:19)
    at http://localhost:5173/node_modules/.vite/deps/chunk-SU3UL5I2.js?v=3f37cdf6:2683:16
    at Array.forEach (<anonymous>)
    at rerender (http://localhost:5173/node_modules/.vite/deps/chunk-SU3UL5I2.js?v=3f37cdf6:2675:25)
    at Object.rerender (http://localhost:5173/node_modules/.vite/deps/chunk-SU3UL5I2.js?v=3f37cdf6:2749:14) @ http://localhost:5173/node_modules/.vite/deps/chunk-SU3UL5I2.js?v=3f37cdf6:2750
[ 1729823ms] [WARNING] [HMR] Something went wrong during Vue component hot-reload. Full reload required. @ http://localhost:5173/node_modules/.vite/deps/chunk-SU3UL5I2.js?v=3f37cdf6:2751
[ 1758727ms] [WARNING] [Vue warn]: Property "nodeIconFor" was accessed during render but is not defined on instance. 
  at <App> @ http://localhost:5173/node_modules/.vite/deps/chunk-SU3UL5I2.js?v=3f37cdf6:2230
[ 1758728ms] [WARNING] [Vue warn]: Unhandled error during execution of render function 
  at <App> @ http://localhost:5173/node_modules/.vite/deps/chunk-SU3UL5I2.js?v=3f37cdf6:2230
[ 1758728ms] [ERROR] TypeError: _ctx.nodeIconFor is not a function
    at http://localhost:5173/src/App.vue?t=1780643228855:891:83
    at renderList (http://localhost:5173/node_modules/.vite/deps/chunk-SU3UL5I2.js?v=3f37cdf6:5381:16)
    at Proxy._sfc_render (http://localhost:5173/src/App.vue?t=1780643228855:868:19)
    at renderComponentRoot (http://localhost:5173/node_modules/.vite/deps/chunk-SU3UL5I2.js?v=3f37cdf6:6749:17)
    at ReactiveEffect.componentUpdateFn [as fn] (http://localhost:5173/node_modules/.vite/deps/chunk-SU3UL5I2.js?v=3f37cdf6:8322:46)
    at ReactiveEffect.run (http://localhost:5173/node_modules/.vite/deps/chunk-SU3UL5I2.js?v=3f37cdf6:534:19)
    at setupRenderEffect (http://localhost:5173/node_modules/.vite/deps/chunk-SU3UL5I2.js?v=3f37cdf6:8457:5)
    at mountComponent (http://localhost:5173/node_modules/.vite/deps/chunk-SU3UL5I2.js?v=3f37cdf6:8229:7)
    at processComponent (http://localhost:5173/node_modules/.vite/deps/chunk-SU3UL5I2.js?v=3f37cdf6:8181:9)
    at patch (http://localhost:5173/node_modules/.vite/deps/chunk-SU3UL5I2.js?v=3f37cdf6:7678:11) @ http://localhost:5173/node_modules/.vite/deps/chunk-SU3UL5I2.js?v=3f37cdf6:2750
[ 1758729ms] [WARNING] [HMR] Something went wrong during Vue component hot-reload. Full reload required. @ http://localhost:5173/node_modules/.vite/deps/chunk-SU3UL5I2.js?v=3f37cdf6:2751
[ 1816454ms] [WARNING] [Vue warn]: Property "nodeIconFor" was accessed during render but is not defined on instance. 
  at <App> @ http://localhost:5173/node_modules/.vite/deps/chunk-SU3UL5I2.js?v=3f37cdf6:2230
[ 1816454ms] [WARNING] [Vue warn]: Unhandled error during execution of render function 
  at <App> @ http://localhost:5173/node_modules/.vite/deps/chunk-SU3UL5I2.js?v=3f37cdf6:2230
[ 1816454ms] [ERROR] TypeError: _ctx.nodeIconFor is not a function
    at http://localhost:5173/src/App.vue?t=1780643228855:891:83
    at renderList (http://localhost:5173/node_modules/.vite/deps/chunk-SU3UL5I2.js?v=3f37cdf6:5381:16)
    at Proxy._sfc_render (http://localhost:5173/src/App.vue?t=1780643228855:868:19)
    at renderComponentRoot (http://localhost:5173/node_modules/.vite/deps/chunk-SU3UL5I2.js?v=3f37cdf6:6749:17)
    at ReactiveEffect.componentUpdateFn [as fn] (http://localhost:5173/node_modules/.vite/deps/chunk-SU3UL5I2.js?v=3f37cdf6:8322:46)
    at ReactiveEffect.run (http://localhost:5173/node_modules/.vite/deps/chunk-SU3UL5I2.js?v=3f37cdf6:534:19)
    at setupRenderEffect (http://localhost:5173/node_modules/.vite/deps/chunk-SU3UL5I2.js?v=3f37cdf6:8457:5)
    at mountComponent (http://localhost:5173/node_modules/.vite/deps/chunk-SU3UL5I2.js?v=3f37cdf6:8229:7)
    at processComponent (http://localhost:5173/node_modules/.vite/deps/chunk-SU3UL5I2.js?v=3f37cdf6:8181:9)
    at patch (http://localhost:5173/node_modules/.vite/deps/chunk-SU3UL5I2.js?v=3f37cdf6:7678:11) @ http://localhost:5173/node_modules/.vite/deps/chunk-SU3UL5I2.js?v=3f37cdf6:2750
[ 1816454ms] [WARNING] [HMR] Something went wrong during Vue component hot-reload. Full reload required. @ http://localhost:5173/node_modules/.vite/deps/chunk-SU3UL5I2.js?v=3f37cdf6:2751
[ 1902434ms] [WARNING] [Vue warn]: Property "nodeIconFor" was accessed during render but is not defined on instance. 
  at <App> @ http://localhost:5173/node_modules/.vite/deps/chunk-SU3UL5I2.js?v=3f37cdf6:2230
[ 1902435ms] [WARNING] [Vue warn]: Unhandled error during execution of render function 
  at <App> @ http://localhost:5173/node_modules/.vite/deps/chunk-SU3UL5I2.js?v=3f37cdf6:2230
[ 1902435ms] [ERROR] TypeError: _ctx.nodeIconFor is not a function
    at http://localhost:5173/src/App.vue?t=1780643372577:900:83
    at renderList (http://localhost:5173/node_modules/.vite/deps/chunk-SU3UL5I2.js?v=3f37cdf6:5381:16)
    at Proxy._sfc_render (http://localhost:5173/src/App.vue?t=1780643372577:877:19)
    at renderComponentRoot (http://localhost:5173/node_modules/.vite/deps/chunk-SU3UL5I2.js?v=3f37cdf6:6749:17)
    at ReactiveEffect.componentUpdateFn [as fn] (http://localhost:5173/node_modules/.vite/deps/chunk-SU3UL5I2.js?v=3f37cdf6:8322:46)
    at ReactiveEffect.run (http://localhost:5173/node_modules/.vite/deps/chunk-SU3UL5I2.js?v=3f37cdf6:534:19)
    at http://localhost:5173/node_modules/.vite/deps/chunk-SU3UL5I2.js?v=3f37cdf6:2683:16
    at Array.forEach (<anonymous>)
    at rerender (http://localhost:5173/node_modules/.vite/deps/chunk-SU3UL5I2.js?v=3f37cdf6:2675:25)
    at Object.rerender (http://localhost:5173/node_modules/.vite/deps/chunk-SU3UL5I2.js?v=3f37cdf6:2749:14) @ http://localhost:5173/node_modules/.vite/deps/chunk-SU3UL5I2.js?v=3f37cdf6:2750
[ 1902435ms] [WARNING] [HMR] Something went wrong during Vue component hot-reload. Full reload required. @ http://localhost:5173/node_modules/.vite/deps/chunk-SU3UL5I2.js?v=3f37cdf6:2751
[ 2003043ms] [WARNING] [Vue warn]: Property "nodeIconFor" was accessed during render but is not defined on instance. 
  at <App> @ http://localhost:5173/node_modules/.vite/deps/chunk-SU3UL5I2.js?v=3f37cdf6:2230
[ 2003044ms] [WARNING] [Vue warn]: Unhandled error during execution of render function 
  at <App> @ http://localhost:5173/node_modules/.vite/deps/chunk-SU3UL5I2.js?v=3f37cdf6:2230
[ 2003044ms] [ERROR] TypeError: _ctx.nodeIconFor is not a function
    at http://localhost:5173/src/App.vue?t=1780643372577:900:83
    at renderList (http://localhost:5173/node_modules/.vite/deps/chunk-SU3UL5I2.js?v=3f37cdf6:5381:16)
    at Proxy._sfc_render (http://localhost:5173/src/App.vue?t=1780643372577:877:19)
    at renderComponentRoot (http://localhost:5173/node_modules/.vite/deps/chunk-SU3UL5I2.js?v=3f37cdf6:6749:17)
    at ReactiveEffect.componentUpdateFn [as fn] (http://localhost:5173/node_modules/.vite/deps/chunk-SU3UL5I2.js?v=3f37cdf6:8322:46)
    at ReactiveEffect.run (http://localhost:5173/node_modules/.vite/deps/chunk-SU3UL5I2.js?v=3f37cdf6:534:19)
    at setupRenderEffect (http://localhost:5173/node_modules/.vite/deps/chunk-SU3UL5I2.js?v=3f37cdf6:8457:5)
    at mountComponent (http://localhost:5173/node_modules/.vite/deps/chunk-SU3UL5I2.js?v=3f37cdf6:8229:7)
    at processComponent (http://localhost:5173/node_modules/.vite/deps/chunk-SU3UL5I2.js?v=3f37cdf6:8181:9)
    at patch (http://localhost:5173/node_modules/.vite/deps/chunk-SU3UL5I2.js?v=3f37cdf6:7678:11) @ http://localhost:5173/node_modules/.vite/deps/chunk-SU3UL5I2.js?v=3f37cdf6:2750
[ 2003044ms] [WARNING] [HMR] Something went wrong during Vue component hot-reload. Full reload required. @ http://localhost:5173/node_modules/.vite/deps/chunk-SU3UL5I2.js?v=3f37cdf6:2751
[ 2062694ms] [WARNING] [Vue warn]: Property "nodeIconFor" was accessed during render but is not defined on instance. 
  at <App> @ http://localhost:5173/node_modules/.vite/deps/chunk-SU3UL5I2.js?v=3f37cdf6:2230
[ 2062694ms] [WARNING] [Vue warn]: Unhandled error during execution of render function 
  at <App> @ http://localhost:5173/node_modules/.vite/deps/chunk-SU3UL5I2.js?v=3f37cdf6:2230
[ 2062695ms] [ERROR] TypeError: _ctx.nodeIconFor is not a function
    at http://localhost:5173/src/App.vue?t=1780643372577:900:83
    at renderList (http://localhost:5173/node_modules/.vite/deps/chunk-SU3UL5I2.js?v=3f37cdf6:5381:16)
    at Proxy._sfc_render (http://localhost:5173/src/App.vue?t=1780643372577:877:19)
    at renderComponentRoot (http://localhost:5173/node_modules/.vite/deps/chunk-SU3UL5I2.js?v=3f37cdf6:6749:17)
    at ReactiveEffect.componentUpdateFn [as fn] (http://localhost:5173/node_modules/.vite/deps/chunk-SU3UL5I2.js?v=3f37cdf6:8322:46)
    at ReactiveEffect.run (http://localhost:5173/node_modules/.vite/deps/chunk-SU3UL5I2.js?v=3f37cdf6:534:19)
    at setupRenderEffect (http://localhost:5173/node_modules/.vite/deps/chunk-SU3UL5I2.js?v=3f37cdf6:8457:5)
    at mountComponent (http://localhost:5173/node_modules/.vite/deps/chunk-SU3UL5I2.js?v=3f37cdf6:8229:7)
    at processComponent (http://localhost:5173/node_modules/.vite/deps/chunk-SU3UL5I2.js?v=3f37cdf6:8181:9)
    at patch (http://localhost:5173/node_modules/.vite/deps/chunk-SU3UL5I2.js?v=3f37cdf6:7678:11) @ http://localhost:5173/node_modules/.vite/deps/chunk-SU3UL5I2.js?v=3f37cdf6:2750
[ 2062695ms] [WARNING] [HMR] Something went wrong during Vue component hot-reload. Full reload required. @ http://localhost:5173/node_modules/.vite/deps/chunk-SU3UL5I2.js?v=3f37cdf6:2751
[ 2122438ms] [WARNING] [Vue warn]: Property "nodeIconFor" was accessed during render but is not defined on instance. 
  at <App> @ http://localhost:5173/node_modules/.vite/deps/chunk-SU3UL5I2.js?v=3f37cdf6:2230
[ 2122438ms] [WARNING] [Vue warn]: Unhandled error during execution of render function 
  at <App> @ http://localhost:5173/node_modules/.vite/deps/chunk-SU3UL5I2.js?v=3f37cdf6:2230
[ 2122438ms] [ERROR] TypeError: _ctx.nodeIconFor is not a function
    at http://localhost:5173/src/App.vue?t=1780643372577:900:83
    at renderList (http://localhost:5173/node_modules/.vite/deps/chunk-SU3UL5I2.js?v=3f37cdf6:5381:16)
    at Proxy._sfc_render (http://localhost:5173/src/App.vue?t=1780643372577:877:19)
    at renderComponentRoot (http://localhost:5173/node_modules/.vite/deps/chunk-SU3UL5I2.js?v=3f37cdf6:6749:17)
    at ReactiveEffect.componentUpdateFn [as fn] (http://localhost:5173/node_modules/.vite/deps/chunk-SU3UL5I2.js?v=3f37cdf6:8322:46)
    at ReactiveEffect.run (http://localhost:5173/node_modules/.vite/deps/chunk-SU3UL5I2.js?v=3f37cdf6:534:19)
    at setupRenderEffect (http://localhost:5173/node_modules/.vite/deps/chunk-SU3UL5I2.js?v=3f37cdf6:8457:5)
    at mountComponent (http://localhost:5173/node_modules/.vite/deps/chunk-SU3UL5I2.js?v=3f37cdf6:8229:7)
    at processComponent (http://localhost:5173/node_modules/.vite/deps/chunk-SU3UL5I2.js?v=3f37cdf6:8181:9)
    at patch (http://localhost:5173/node_modules/.vite/deps/chunk-SU3UL5I2.js?v=3f37cdf6:7678:11) @ http://localhost:5173/node_modules/.vite/deps/chunk-SU3UL5I2.js?v=3f37cdf6:2750
[ 2122438ms] [WARNING] [HMR] Something went wrong during Vue component hot-reload. Full reload required. @ http://localhost:5173/node_modules/.vite/deps/chunk-SU3UL5I2.js?v=3f37cdf6:2751
[ 2187559ms] [WARNING] [Vue warn]: Property "nodeIconFor" was accessed during render but is not defined on instance. 
  at <App> @ http://localhost:5173/node_modules/.vite/deps/chunk-SU3UL5I2.js?v=3f37cdf6:2230
[ 2187559ms] [WARNING] [Vue warn]: Unhandled error during execution of render function 
  at <App> @ http://localhost:5173/node_modules/.vite/deps/chunk-SU3UL5I2.js?v=3f37cdf6:2230
[ 2187559ms] [ERROR] TypeError: _ctx.nodeIconFor is not a function
    at http://localhost:5173/src/App.vue?t=1780643372577:900:83
    at renderList (http://localhost:5173/node_modules/.vite/deps/chunk-SU3UL5I2.js?v=3f37cdf6:5381:16)
    at Proxy._sfc_render (http://localhost:5173/src/App.vue?t=1780643372577:877:19)
    at renderComponentRoot (http://localhost:5173/node_modules/.vite/deps/chunk-SU3UL5I2.js?v=3f37cdf6:6749:17)
    at ReactiveEffect.componentUpdateFn [as fn] (http://localhost:5173/node_modules/.vite/deps/chunk-SU3UL5I2.js?v=3f37cdf6:8322:46)
    at ReactiveEffect.run (http://localhost:5173/node_modules/.vite/deps/chunk-SU3UL5I2.js?v=3f37cdf6:534:19)
    at setupRenderEffect (http://localhost:5173/node_modules/.vite/deps/chunk-SU3UL5I2.js?v=3f37cdf6:8457:5)
    at mountComponent (http://localhost:5173/node_modules/.vite/deps/chunk-SU3UL5I2.js?v=3f37cdf6:8229:7)
    at processComponent (http://localhost:5173/node_modules/.vite/deps/chunk-SU3UL5I2.js?v=3f37cdf6:8181:9)
    at patch (http://localhost:5173/node_modules/.vite/deps/chunk-SU3UL5I2.js?v=3f37cdf6:7678:11) @ http://localhost:5173/node_modules/.vite/deps/chunk-SU3UL5I2.js?v=3f37cdf6:2750
[ 2187559ms] [WARNING] [HMR] Something went wrong during Vue component hot-reload. Full reload required. @ http://localhost:5173/node_modules/.vite/deps/chunk-SU3UL5I2.js?v=3f37cdf6:2751
[ 2285492ms] [WARNING] [Vue warn]: Property "nodeIconFor" was accessed during render but is not defined on instance. 
  at <App> @ http://localhost:5173/node_modules/.vite/deps/chunk-SU3UL5I2.js?v=3f37cdf6:2230
[ 2285492ms] [WARNING] [Vue warn]: Unhandled error during execution of render function 
  at <App> @ http://localhost:5173/node_modules/.vite/deps/chunk-SU3UL5I2.js?v=3f37cdf6:2230
[ 2285492ms] [ERROR] TypeError: _ctx.nodeIconFor is not a function
    at http://localhost:5173/src/App.vue?t=1780643372577:900:83
    at renderList (http://localhost:5173/node_modules/.vite/deps/chunk-SU3UL5I2.js?v=3f37cdf6:5381:16)
    at Proxy._sfc_render (http://localhost:5173/src/App.vue?t=1780643372577:877:19)
    at renderComponentRoot (http://localhost:5173/node_modules/.vite/deps/chunk-SU3UL5I2.js?v=3f37cdf6:6749:17)
    at ReactiveEffect.componentUpdateFn [as fn] (http://localhost:5173/node_modules/.vite/deps/chunk-SU3UL5I2.js?v=3f37cdf6:8322:46)
    at ReactiveEffect.run (http://localhost:5173/node_modules/.vite/deps/chunk-SU3UL5I2.js?v=3f37cdf6:534:19)
    at setupRenderEffect (http://localhost:5173/node_modules/.vite/deps/chunk-SU3UL5I2.js?v=3f37cdf6:8457:5)
    at mountComponent (http://localhost:5173/node_modules/.vite/deps/chunk-SU3UL5I2.js?v=3f37cdf6:8229:7)
    at processComponent (http://localhost:5173/node_modules/.vite/deps/chunk-SU3UL5I2.js?v=3f37cdf6:8181:9)
    at patch (http://localhost:5173/node_modules/.vite/deps/chunk-SU3UL5I2.js?v=3f37cdf6:7678:11) @ http://localhost:5173/node_modules/.vite/deps/chunk-SU3UL5I2.js?v=3f37cdf6:2750
[ 2285492ms] [WARNING] [HMR] Something went wrong during Vue component hot-reload. Full reload required. @ http://localhost:5173/node_modules/.vite/deps/chunk-SU3UL5I2.js?v=3f37cdf6:2751
[ 4661809ms] [WARNING] [Vue warn]: Property "nodeIconFor" was accessed during render but is not defined on instance. 
  at <App> @ http://localhost:5173/node_modules/.vite/deps/chunk-SU3UL5I2.js?v=3f37cdf6:2230
[ 4661809ms] [WARNING] [Vue warn]: Unhandled error during execution of render function 
  at <App> @ http://localhost:5173/node_modules/.vite/deps/chunk-SU3UL5I2.js?v=3f37cdf6:2230
[ 4661809ms] [ERROR] TypeError: _ctx.nodeIconFor is not a function
    at http://localhost:5173/src/App.vue?t=1780643372577:900:83
    at renderList (http://localhost:5173/node_modules/.vite/deps/chunk-SU3UL5I2.js?v=3f37cdf6:5381:16)
    at Proxy._sfc_render (http://localhost:5173/src/App.vue?t=1780643372577:877:19)
    at renderComponentRoot (http://localhost:5173/node_modules/.vite/deps/chunk-SU3UL5I2.js?v=3f37cdf6:6749:17)
    at ReactiveEffect.componentUpdateFn [as fn] (http://localhost:5173/node_modules/.vite/deps/chunk-SU3UL5I2.js?v=3f37cdf6:8322:46)
    at ReactiveEffect.run (http://localhost:5173/node_modules/.vite/deps/chunk-SU3UL5I2.js?v=3f37cdf6:534:19)
    at setupRenderEffect (http://localhost:5173/node_modules/.vite/deps/chunk-SU3UL5I2.js?v=3f37cdf6:8457:5)
    at mountComponent (http://localhost:5173/node_modules/.vite/deps/chunk-SU3UL5I2.js?v=3f37cdf6:8229:7)
    at processComponent (http://localhost:5173/node_modules/.vite/deps/chunk-SU3UL5I2.js?v=3f37cdf6:8181:9)
    at patch (http://localhost:5173/node_modules/.vite/deps/chunk-SU3UL5I2.js?v=3f37cdf6:7678:11) @ http://localhost:5173/node_modules/.vite/deps/chunk-SU3UL5I2.js?v=3f37cdf6:2750
[ 4661809ms] [WARNING] [HMR] Something went wrong during Vue component hot-reload. Full reload required. @ http://localhost:5173/node_modules/.vite/deps/chunk-SU3UL5I2.js?v=3f37cdf6:2751
[ 4720339ms] [WARNING] [Vue warn]: Property "nodeIconFor" was accessed during render but is not defined on instance. 
  at <App> @ http://localhost:5173/node_modules/.vite/deps/chunk-SU3UL5I2.js?v=3f37cdf6:2230
[ 4720339ms] [WARNING] [Vue warn]: Unhandled error during execution of render function 
  at <App> @ http://localhost:5173/node_modules/.vite/deps/chunk-SU3UL5I2.js?v=3f37cdf6:2230
[ 4720339ms] [ERROR] TypeError: _ctx.nodeIconFor is not a function
    at http://localhost:5173/src/App.vue?t=1780643372577:900:83
    at renderList (http://localhost:5173/node_modules/.vite/deps/chunk-SU3UL5I2.js?v=3f37cdf6:5381:16)
    at Proxy._sfc_render (http://localhost:5173/src/App.vue?t=1780643372577:877:19)
    at renderComponentRoot (http://localhost:5173/node_modules/.vite/deps/chunk-SU3UL5I2.js?v=3f37cdf6:6749:17)
    at ReactiveEffect.componentUpdateFn [as fn] (http://localhost:5173/node_modules/.vite/deps/chunk-SU3UL5I2.js?v=3f37cdf6:8322:46)
    at ReactiveEffect.run (http://localhost:5173/node_modules/.vite/deps/chunk-SU3UL5I2.js?v=3f37cdf6:534:19)
    at setupRenderEffect (http://localhost:5173/node_modules/.vite/deps/chunk-SU3UL5I2.js?v=3f37cdf6:8457:5)
    at mountComponent (http://localhost:5173/node_modules/.vite/deps/chunk-SU3UL5I2.js?v=3f37cdf6:8229:7)
    at processComponent (http://localhost:5173/node_modules/.vite/deps/chunk-SU3UL5I2.js?v=3f37cdf6:8181:9)
    at patch (http://localhost:5173/node_modules/.vite/deps/chunk-SU3UL5I2.js?v=3f37cdf6:7678:11) @ http://localhost:5173/node_modules/.vite/deps/chunk-SU3UL5I2.js?v=3f37cdf6:2750
[ 4720339ms] [WARNING] [HMR] Something went wrong during Vue component hot-reload. Full reload required. @ http://localhost:5173/node_modules/.vite/deps/chunk-SU3UL5I2.js?v=3f37cdf6:2751
[ 4836383ms] [WARNING] [Vue warn]: Failed to resolve component: LogOut
If this is a native custom element, make sure to exclude it from component resolution via compilerOptions.isCustomElement. 
  at <App> @ http://localhost:5173/node_modules/.vite/deps/chunk-SU3UL5I2.js?v=3f37cdf6:2230
[ 4836383ms] [WARNING] [Vue warn]: Property "currentUser" was accessed during render but is not defined on instance. 
  at <App> @ http://localhost:5173/node_modules/.vite/deps/chunk-SU3UL5I2.js?v=3f37cdf6:2230
[ 4836383ms] [WARNING] [Vue warn]: Property "currentUser" was accessed during render but is not defined on instance. 
  at <App> @ http://localhost:5173/node_modules/.vite/deps/chunk-SU3UL5I2.js?v=3f37cdf6:2230
[ 4836383ms] [WARNING] [Vue warn]: Property "currentUser" was accessed during render but is not defined on instance. 
  at <App> @ http://localhost:5173/node_modules/.vite/deps/chunk-SU3UL5I2.js?v=3f37cdf6:2230
[ 4836383ms] [WARNING] [Vue warn]: Property "currentUser" was accessed during render but is not defined on instance. 
  at <App> @ http://localhost:5173/node_modules/.vite/deps/chunk-SU3UL5I2.js?v=3f37cdf6:2230
[ 4836383ms] [WARNING] [Vue warn]: Property "pageError" was accessed during render but is not defined on instance. 
  at <App> @ http://localhost:5173/node_modules/.vite/deps/chunk-SU3UL5I2.js?v=3f37cdf6:2230
[ 4836384ms] [WARNING] [Vue warn]: Unhandled error during execution of render function 
  at <App> @ http://localhost:5173/node_modules/.vite/deps/chunk-SU3UL5I2.js?v=3f37cdf6:2230
[ 4836384ms] [ERROR] TypeError: $setup.nodeIconFor is not a function
    at http://localhost:5173/src/App.vue?t=1780646306406:1084:85
    at renderList (http://localhost:5173/node_modules/.vite/deps/chunk-SU3UL5I2.js?v=3f37cdf6:5381:16)
    at Proxy._sfc_render (http://localhost:5173/src/App.vue?t=1780646306406:1061:19)
    at renderComponentRoot (http://localhost:5173/node_modules/.vite/deps/chunk-SU3UL5I2.js?v=3f37cdf6:6749:17)
    at ReactiveEffect.componentUpdateFn [as fn] (http://localhost:5173/node_modules/.vite/deps/chunk-SU3UL5I2.js?v=3f37cdf6:8322:46)
    at ReactiveEffect.run (http://localhost:5173/node_modules/.vite/deps/chunk-SU3UL5I2.js?v=3f37cdf6:534:19)
    at http://localhost:5173/node_modules/.vite/deps/chunk-SU3UL5I2.js?v=3f37cdf6:2683:16
    at Array.forEach (<anonymous>)
    at rerender (http://localhost:5173/node_modules/.vite/deps/chunk-SU3UL5I2.js?v=3f37cdf6:2675:25)
    at Object.rerender (http://localhost:5173/node_modules/.vite/deps/chunk-SU3UL5I2.js?v=3f37cdf6:2749:14) @ http://localhost:5173/node_modules/.vite/deps/chunk-SU3UL5I2.js?v=3f37cdf6:2750
[ 4836384ms] [WARNING] [HMR] Something went wrong during Vue component hot-reload. Full reload required. @ http://localhost:5173/node_modules/.vite/deps/chunk-SU3UL5I2.js?v=3f37cdf6:2751
[ 4886902ms] [WARNING] [Vue warn]: Failed to resolve component: LogOut
If this is a native custom element, make sure to exclude it from component resolution via compilerOptions.isCustomElement. 
  at <App> @ http://localhost:5173/node_modules/.vite/deps/chunk-SU3UL5I2.js?v=3f37cdf6:2230
[ 4886902ms] [WARNING] [Vue warn]: Property "currentUser" was accessed during render but is not defined on instance. 
  at <App> @ http://localhost:5173/node_modules/.vite/deps/chunk-SU3UL5I2.js?v=3f37cdf6:2230
[ 4886902ms] [WARNING] [Vue warn]: Property "currentUser" was accessed during render but is not defined on instance. 
  at <App> @ http://localhost:5173/node_modules/.vite/deps/chunk-SU3UL5I2.js?v=3f37cdf6:2230
[ 4886902ms] [WARNING] [Vue warn]: Property "currentUser" was accessed during render but is not defined on instance. 
  at <App> @ http://localhost:5173/node_modules/.vite/deps/chunk-SU3UL5I2.js?v=3f37cdf6:2230
[ 4886902ms] [WARNING] [Vue warn]: Property "currentUser" was accessed during render but is not defined on instance. 
  at <App> @ http://localhost:5173/node_modules/.vite/deps/chunk-SU3UL5I2.js?v=3f37cdf6:2230
[ 4886902ms] [WARNING] [Vue warn]: Property "pageError" was accessed during render but is not defined on instance. 
  at <App> @ http://localhost:5173/node_modules/.vite/deps/chunk-SU3UL5I2.js?v=3f37cdf6:2230
[ 4886903ms] [WARNING] [Vue warn]: Unhandled error during execution of render function 
  at <App> @ http://localhost:5173/node_modules/.vite/deps/chunk-SU3UL5I2.js?v=3f37cdf6:2230
[ 4886903ms] [ERROR] TypeError: $setup.nodeIconFor is not a function
    at http://localhost:5173/src/App.vue?t=1780646306406:1084:85
    at renderList (http://localhost:5173/node_modules/.vite/deps/chunk-SU3UL5I2.js?v=3f37cdf6:5381:16)
    at Proxy._sfc_render (http://localhost:5173/src/App.vue?t=1780646306406:1061:19)
    at renderComponentRoot (http://localhost:5173/node_modules/.vite/deps/chunk-SU3UL5I2.js?v=3f37cdf6:6749:17)
    at ReactiveEffect.componentUpdateFn [as fn] (http://localhost:5173/node_modules/.vite/deps/chunk-SU3UL5I2.js?v=3f37cdf6:8322:46)
    at ReactiveEffect.run (http://localhost:5173/node_modules/.vite/deps/chunk-SU3UL5I2.js?v=3f37cdf6:534:19)
    at setupRenderEffect (http://localhost:5173/node_modules/.vite/deps/chunk-SU3UL5I2.js?v=3f37cdf6:8457:5)
    at mountComponent (http://localhost:5173/node_modules/.vite/deps/chunk-SU3UL5I2.js?v=3f37cdf6:8229:7)
    at processComponent (http://localhost:5173/node_modules/.vite/deps/chunk-SU3UL5I2.js?v=3f37cdf6:8181:9)
    at patch (http://localhost:5173/node_modules/.vite/deps/chunk-SU3UL5I2.js?v=3f37cdf6:7678:11) @ http://localhost:5173/node_modules/.vite/deps/chunk-SU3UL5I2.js?v=3f37cdf6:2750
[ 4886903ms] [WARNING] [HMR] Something went wrong during Vue component hot-reload. Full reload required. @ http://localhost:5173/node_modules/.vite/deps/chunk-SU3UL5I2.js?v=3f37cdf6:2751
[ 4925501ms] [WARNING] [Vue warn]: Failed to resolve component: LogOut
If this is a native custom element, make sure to exclude it from component resolution via compilerOptions.isCustomElement. 
  at <App> @ http://localhost:5173/node_modules/.vite/deps/chunk-SU3UL5I2.js?v=3f37cdf6:2230
[ 4925501ms] [WARNING] [Vue warn]: Property "currentUser" was accessed during render but is not defined on instance. 
  at <App> @ http://localhost:5173/node_modules/.vite/deps/chunk-SU3UL5I2.js?v=3f37cdf6:2230
[ 4925501ms] [WARNING] [Vue warn]: Property "currentUser" was accessed during render but is not defined on instance. 
  at <App> @ http://localhost:5173/node_modules/.vite/deps/chunk-SU3UL5I2.js?v=3f37cdf6:2230
[ 4925501ms] [WARNING] [Vue warn]: Property "currentUser" was accessed during render but is not defined on instance. 
  at <App> @ http://localhost:5173/node_modules/.vite/deps/chunk-SU3UL5I2.js?v=3f37cdf6:2230
[ 4925501ms] [WARNING] [Vue warn]: Property "currentUser" was accessed during render but is not defined on instance. 
  at <App> @ http://localhost:5173/node_modules/.vite/deps/chunk-SU3UL5I2.js?v=3f37cdf6:2230
[ 4925501ms] [WARNING] [Vue warn]: Property "pageError" was accessed during render but is not defined on instance. 
  at <App> @ http://localhost:5173/node_modules/.vite/deps/chunk-SU3UL5I2.js?v=3f37cdf6:2230
[ 4925502ms] [WARNING] [Vue warn]: Unhandled error during execution of render function 
  at <App> @ http://localhost:5173/node_modules/.vite/deps/chunk-SU3UL5I2.js?v=3f37cdf6:2230
[ 4925502ms] [ERROR] TypeError: $setup.nodeIconFor is not a function
    at http://localhost:5173/src/App.vue?t=1780646306406:1084:85
    at renderList (http://localhost:5173/node_modules/.vite/deps/chunk-SU3UL5I2.js?v=3f37cdf6:5381:16)
    at Proxy._sfc_render (http://localhost:5173/src/App.vue?t=1780646306406:1061:19)
    at renderComponentRoot (http://localhost:5173/node_modules/.vite/deps/chunk-SU3UL5I2.js?v=3f37cdf6:6749:17)
    at ReactiveEffect.componentUpdateFn [as fn] (http://localhost:5173/node_modules/.vite/deps/chunk-SU3UL5I2.js?v=3f37cdf6:8322:46)
    at ReactiveEffect.run (http://localhost:5173/node_modules/.vite/deps/chunk-SU3UL5I2.js?v=3f37cdf6:534:19)
    at setupRenderEffect (http://localhost:5173/node_modules/.vite/deps/chunk-SU3UL5I2.js?v=3f37cdf6:8457:5)
    at mountComponent (http://localhost:5173/node_modules/.vite/deps/chunk-SU3UL5I2.js?v=3f37cdf6:8229:7)
    at processComponent (http://localhost:5173/node_modules/.vite/deps/chunk-SU3UL5I2.js?v=3f37cdf6:8181:9)
    at patch (http://localhost:5173/node_modules/.vite/deps/chunk-SU3UL5I2.js?v=3f37cdf6:7678:11) @ http://localhost:5173/node_modules/.vite/deps/chunk-SU3UL5I2.js?v=3f37cdf6:2750
[ 4925502ms] [WARNING] [HMR] Something went wrong during Vue component hot-reload. Full reload required. @ http://localhost:5173/node_modules/.vite/deps/chunk-SU3UL5I2.js?v=3f37cdf6:2751
[ 5021879ms] [WARNING] [Vue warn]: Failed to resolve component: LogOut
If this is a native custom element, make sure to exclude it from component resolution via compilerOptions.isCustomElement. 
  at <App> @ http://localhost:5173/node_modules/.vite/deps/chunk-SU3UL5I2.js?v=3f37cdf6:2230
[ 5021879ms] [WARNING] [Vue warn]: Property "currentUser" was accessed during render but is not defined on instance. 
  at <App> @ http://localhost:5173/node_modules/.vite/deps/chunk-SU3UL5I2.js?v=3f37cdf6:2230
[ 5021879ms] [WARNING] [Vue warn]: Property "currentUser" was accessed during render but is not defined on instance. 
  at <App> @ http://localhost:5173/node_modules/.vite/deps/chunk-SU3UL5I2.js?v=3f37cdf6:2230
[ 5021879ms] [WARNING] [Vue warn]: Property "currentUser" was accessed during render but is not defined on instance. 
  at <App> @ http://localhost:5173/node_modules/.vite/deps/chunk-SU3UL5I2.js?v=3f37cdf6:2230
[ 5021879ms] [WARNING] [Vue warn]: Property "currentUser" was accessed during render but is not defined on instance. 
  at <App> @ http://localhost:5173/node_modules/.vite/deps/chunk-SU3UL5I2.js?v=3f37cdf6:2230
[ 5021879ms] [WARNING] [Vue warn]: Property "pageError" was accessed during render but is not defined on instance. 
  at <App> @ http://localhost:5173/node_modules/.vite/deps/chunk-SU3UL5I2.js?v=3f37cdf6:2230
[ 5021879ms] [WARNING] [Vue warn]: Unhandled error during execution of render function 
  at <App> @ http://localhost:5173/node_modules/.vite/deps/chunk-SU3UL5I2.js?v=3f37cdf6:2230
[ 5021879ms] [ERROR] TypeError: $setup.nodeIconFor is not a function
    at http://localhost:5173/src/App.vue?t=1780646306406:1084:85
    at renderList (http://localhost:5173/node_modules/.vite/deps/chunk-SU3UL5I2.js?v=3f37cdf6:5381:16)
    at Proxy._sfc_render (http://localhost:5173/src/App.vue?t=1780646306406:1061:19)
    at renderComponentRoot (http://localhost:5173/node_modules/.vite/deps/chunk-SU3UL5I2.js?v=3f37cdf6:6749:17)
    at ReactiveEffect.componentUpdateFn [as fn] (http://localhost:5173/node_modules/.vite/deps/chunk-SU3UL5I2.js?v=3f37cdf6:8322:46)
    at ReactiveEffect.run (http://localhost:5173/node_modules/.vite/deps/chunk-SU3UL5I2.js?v=3f37cdf6:534:19)
    at setupRenderEffect (http://localhost:5173/node_modules/.vite/deps/chunk-SU3UL5I2.js?v=3f37cdf6:8457:5)
    at mountComponent (http://localhost:5173/node_modules/.vite/deps/chunk-SU3UL5I2.js?v=3f37cdf6:8229:7)
    at processComponent (http://localhost:5173/node_modules/.vite/deps/chunk-SU3UL5I2.js?v=3f37cdf6:8181:9)
    at patch (http://localhost:5173/node_modules/.vite/deps/chunk-SU3UL5I2.js?v=3f37cdf6:7678:11) @ http://localhost:5173/node_modules/.vite/deps/chunk-SU3UL5I2.js?v=3f37cdf6:2750
[ 5021879ms] [WARNING] [HMR] Something went wrong during Vue component hot-reload. Full reload required. @ http://localhost:5173/node_modules/.vite/deps/chunk-SU3UL5I2.js?v=3f37cdf6:2751
[ 6234023ms] [WARNING] [Vue warn]: Property "focusedVisualId" was accessed during render but is not defined on instance. 
  at <App> @ http://localhost:5173/node_modules/.vite/deps/chunk-SU3UL5I2.js?v=3f37cdf6:2230
[ 6234023ms] [WARNING] [Vue warn]: Property "focusedVisualId" was accessed during render but is not defined on instance. 
  at <App> @ http://localhost:5173/node_modules/.vite/deps/chunk-SU3UL5I2.js?v=3f37cdf6:2230
[ 6234023ms] [WARNING] [Vue warn]: Property "focusedVisualId" was accessed during render but is not defined on instance. 
  at <App> @ http://localhost:5173/node_modules/.vite/deps/chunk-SU3UL5I2.js?v=3f37cdf6:2230
[ 6234023ms] [WARNING] [Vue warn]: Unhandled error during execution of render function 
  at <App> @ http://localhost:5173/node_modules/.vite/deps/chunk-SU3UL5I2.js?v=3f37cdf6:2230
[ 6234023ms] [ERROR] TypeError: $setup.nodeIconFor is not a function
    at http://localhost:5173/src/App.vue?t=1780647703992:1251:85
    at renderList (http://localhost:5173/node_modules/.vite/deps/chunk-SU3UL5I2.js?v=3f37cdf6:5381:16)
    at Proxy._sfc_render (http://localhost:5173/src/App.vue?t=1780647703992:1220:19)
    at renderComponentRoot (http://localhost:5173/node_modules/.vite/deps/chunk-SU3UL5I2.js?v=3f37cdf6:6749:17)
    at ReactiveEffect.componentUpdateFn [as fn] (http://localhost:5173/node_modules/.vite/deps/chunk-SU3UL5I2.js?v=3f37cdf6:8322:46)
    at ReactiveEffect.run (http://localhost:5173/node_modules/.vite/deps/chunk-SU3UL5I2.js?v=3f37cdf6:534:19)
    at http://localhost:5173/node_modules/.vite/deps/chunk-SU3UL5I2.js?v=3f37cdf6:2683:16
    at Array.forEach (<anonymous>)
    at rerender (http://localhost:5173/node_modules/.vite/deps/chunk-SU3UL5I2.js?v=3f37cdf6:2675:25)
    at Object.rerender (http://localhost:5173/node_modules/.vite/deps/chunk-SU3UL5I2.js?v=3f37cdf6:2749:14) @ http://localhost:5173/node_modules/.vite/deps/chunk-SU3UL5I2.js?v=3f37cdf6:2750
[ 6234023ms] [WARNING] [HMR] Something went wrong during Vue component hot-reload. Full reload required. @ http://localhost:5173/node_modules/.vite/deps/chunk-SU3UL5I2.js?v=3f37cdf6:2751
[ 6279741ms] [WARNING] [Vue warn]: Property "focusedVisualId" was accessed during render but is not defined on instance. 
  at <App> @ http://localhost:5173/node_modules/.vite/deps/chunk-SU3UL5I2.js?v=3f37cdf6:2230
[ 6279741ms] [WARNING] [Vue warn]: Property "focusedVisualId" was accessed during render but is not defined on instance. 
  at <App> @ http://localhost:5173/node_modules/.vite/deps/chunk-SU3UL5I2.js?v=3f37cdf6:2230
[ 6279741ms] [WARNING] [Vue warn]: Property "focusedVisualId" was accessed during render but is not defined on instance. 
  at <App> @ http://localhost:5173/node_modules/.vite/deps/chunk-SU3UL5I2.js?v=3f37cdf6:2230
[ 6279741ms] [WARNING] [Vue warn]: Unhandled error during execution of render function 
  at <App> @ http://localhost:5173/node_modules/.vite/deps/chunk-SU3UL5I2.js?v=3f37cdf6:2230
[ 6279742ms] [ERROR] TypeError: $setup.nodeIconFor is not a function
    at http://localhost:5173/src/App.vue?t=1780647703992:1251:85
    at renderList (http://localhost:5173/node_modules/.vite/deps/chunk-SU3UL5I2.js?v=3f37cdf6:5381:16)
    at Proxy._sfc_render (http://localhost:5173/src/App.vue?t=1780647703992:1220:19)
    at renderComponentRoot (http://localhost:5173/node_modules/.vite/deps/chunk-SU3UL5I2.js?v=3f37cdf6:6749:17)
    at ReactiveEffect.componentUpdateFn [as fn] (http://localhost:5173/node_modules/.vite/deps/chunk-SU3UL5I2.js?v=3f37cdf6:8322:46)
    at ReactiveEffect.run (http://localhost:5173/node_modules/.vite/deps/chunk-SU3UL5I2.js?v=3f37cdf6:534:19)
    at setupRenderEffect (http://localhost:5173/node_modules/.vite/deps/chunk-SU3UL5I2.js?v=3f37cdf6:8457:5)
    at mountComponent (http://localhost:5173/node_modules/.vite/deps/chunk-SU3UL5I2.js?v=3f37cdf6:8229:7)
    at processComponent (http://localhost:5173/node_modules/.vite/deps/chunk-SU3UL5I2.js?v=3f37cdf6:8181:9)
    at patch (http://localhost:5173/node_modules/.vite/deps/chunk-SU3UL5I2.js?v=3f37cdf6:7678:11) @ http://localhost:5173/node_modules/.vite/deps/chunk-SU3UL5I2.js?v=3f37cdf6:2750
[ 6279742ms] [WARNING] [HMR] Something went wrong during Vue component hot-reload. Full reload required. @ http://localhost:5173/node_modules/.vite/deps/chunk-SU3UL5I2.js?v=3f37cdf6:2751
[ 6473753ms] [WARNING] [Vue warn]: Property "focusedVisualId" was accessed during render but is not defined on instance. 
  at <App> @ http://localhost:5173/node_modules/.vite/deps/chunk-SU3UL5I2.js?v=3f37cdf6:2230
[ 6473753ms] [WARNING] [Vue warn]: Property "focusedVisualId" was accessed during render but is not defined on instance. 
  at <App> @ http://localhost:5173/node_modules/.vite/deps/chunk-SU3UL5I2.js?v=3f37cdf6:2230
[ 6473753ms] [WARNING] [Vue warn]: Property "focusedVisualId" was accessed during render but is not defined on instance. 
  at <App> @ http://localhost:5173/node_modules/.vite/deps/chunk-SU3UL5I2.js?v=3f37cdf6:2230
[ 6473753ms] [WARNING] [Vue warn]: Unhandled error during execution of render function 
  at <App> @ http://localhost:5173/node_modules/.vite/deps/chunk-SU3UL5I2.js?v=3f37cdf6:2230
[ 6473753ms] [ERROR] TypeError: $setup.nodeIconFor is not a function
    at http://localhost:5173/src/App.vue?t=1780647703992:1251:85
    at renderList (http://localhost:5173/node_modules/.vite/deps/chunk-SU3UL5I2.js?v=3f37cdf6:5381:16)
    at Proxy._sfc_render (http://localhost:5173/src/App.vue?t=1780647703992:1220:19)
    at renderComponentRoot (http://localhost:5173/node_modules/.vite/deps/chunk-SU3UL5I2.js?v=3f37cdf6:6749:17)
    at ReactiveEffect.componentUpdateFn [as fn] (http://localhost:5173/node_modules/.vite/deps/chunk-SU3UL5I2.js?v=3f37cdf6:8322:46)
    at ReactiveEffect.run (http://localhost:5173/node_modules/.vite/deps/chunk-SU3UL5I2.js?v=3f37cdf6:534:19)
    at setupRenderEffect (http://localhost:5173/node_modules/.vite/deps/chunk-SU3UL5I2.js?v=3f37cdf6:8457:5)
    at mountComponent (http://localhost:5173/node_modules/.vite/deps/chunk-SU3UL5I2.js?v=3f37cdf6:8229:7)
    at processComponent (http://localhost:5173/node_modules/.vite/deps/chunk-SU3UL5I2.js?v=3f37cdf6:8181:9)
    at patch (http://localhost:5173/node_modules/.vite/deps/chunk-SU3UL5I2.js?v=3f37cdf6:7678:11) @ http://localhost:5173/node_modules/.vite/deps/chunk-SU3UL5I2.js?v=3f37cdf6:2750
[ 6473753ms] [WARNING] [HMR] Something went wrong during Vue component hot-reload. Full reload required. @ http://localhost:5173/node_modules/.vite/deps/chunk-SU3UL5I2.js?v=3f37cdf6:2751
[ 6518645ms] [WARNING] [Vue warn]: Property "focusedVisualId" was accessed during render but is not defined on instance. 
  at <App> @ http://localhost:5173/node_modules/.vite/deps/chunk-SU3UL5I2.js?v=3f37cdf6:2230
[ 6518645ms] [WARNING] [Vue warn]: Property "focusedVisualId" was accessed during render but is not defined on instance. 
  at <App> @ http://localhost:5173/node_modules/.vite/deps/chunk-SU3UL5I2.js?v=3f37cdf6:2230
[ 6518645ms] [WARNING] [Vue warn]: Property "focusedVisualId" was accessed during render but is not defined on instance. 
  at <App> @ http://localhost:5173/node_modules/.vite/deps/chunk-SU3UL5I2.js?v=3f37cdf6:2230
[ 6518646ms] [WARNING] [Vue warn]: Unhandled error during execution of render function 
  at <App> @ http://localhost:5173/node_modules/.vite/deps/chunk-SU3UL5I2.js?v=3f37cdf6:2230
[ 6518646ms] [ERROR] TypeError: $setup.nodeIconFor is not a function
    at http://localhost:5173/src/App.vue?t=1780647703992:1251:85
    at renderList (http://localhost:5173/node_modules/.vite/deps/chunk-SU3UL5I2.js?v=3f37cdf6:5381:16)
    at Proxy._sfc_render (http://localhost:5173/src/App.vue?t=1780647703992:1220:19)
    at renderComponentRoot (http://localhost:5173/node_modules/.vite/deps/chunk-SU3UL5I2.js?v=3f37cdf6:6749:17)
    at ReactiveEffect.componentUpdateFn [as fn] (http://localhost:5173/node_modules/.vite/deps/chunk-SU3UL5I2.js?v=3f37cdf6:8322:46)
    at ReactiveEffect.run (http://localhost:5173/node_modules/.vite/deps/chunk-SU3UL5I2.js?v=3f37cdf6:534:19)
    at setupRenderEffect (http://localhost:5173/node_modules/.vite/deps/chunk-SU3UL5I2.js?v=3f37cdf6:8457:5)
    at mountComponent (http://localhost:5173/node_modules/.vite/deps/chunk-SU3UL5I2.js?v=3f37cdf6:8229:7)
    at processComponent (http://localhost:5173/node_modules/.vite/deps/chunk-SU3UL5I2.js?v=3f37cdf6:8181:9)
    at patch (http://localhost:5173/node_modules/.vite/deps/chunk-SU3UL5I2.js?v=3f37cdf6:7678:11) @ http://localhost:5173/node_modules/.vite/deps/chunk-SU3UL5I2.js?v=3f37cdf6:2750
[ 6518646ms] [WARNING] [HMR] Something went wrong during Vue component hot-reload. Full reload required. @ http://localhost:5173/node_modules/.vite/deps/chunk-SU3UL5I2.js?v=3f37cdf6:2751
[ 8016783ms] [WARNING] [Vue warn]: Property "rootDraft" was accessed during render but is not defined on instance. 
  at <App> @ http://localhost:5173/node_modules/.vite/deps/chunk-SU3UL5I2.js?v=3f37cdf6:2230
[ 8016784ms] [WARNING] [Vue warn]: Unhandled error during execution of render function 
  at <App> @ http://localhost:5173/node_modules/.vite/deps/chunk-SU3UL5I2.js?v=3f37cdf6:2230
[ 8016784ms] [ERROR] TypeError: Cannot read properties of undefined (reading 'title')
    at Proxy._sfc_render (http://localhost:5173/src/App.vue?t=1780649486883:1182:44)
    at renderComponentRoot (http://localhost:5173/node_modules/.vite/deps/chunk-SU3UL5I2.js?v=3f37cdf6:6749:17)
    at ReactiveEffect.componentUpdateFn [as fn] (http://localhost:5173/node_modules/.vite/deps/chunk-SU3UL5I2.js?v=3f37cdf6:8322:46)
    at ReactiveEffect.run (http://localhost:5173/node_modules/.vite/deps/chunk-SU3UL5I2.js?v=3f37cdf6:534:19)
    at http://localhost:5173/node_modules/.vite/deps/chunk-SU3UL5I2.js?v=3f37cdf6:2683:16
    at Array.forEach (<anonymous>)
    at rerender (http://localhost:5173/node_modules/.vite/deps/chunk-SU3UL5I2.js?v=3f37cdf6:2675:25)
    at Object.rerender (http://localhost:5173/node_modules/.vite/deps/chunk-SU3UL5I2.js?v=3f37cdf6:2749:14)
    at http://localhost:5173/src/App.vue?t=1780647988975:1878:25
    at http://localhost:5173/@vite/client:34:58 @ http://localhost:5173/node_modules/.vite/deps/chunk-SU3UL5I2.js?v=3f37cdf6:2750
[ 8016784ms] [WARNING] [HMR] Something went wrong during Vue component hot-reload. Full reload required. @ http://localhost:5173/node_modules/.vite/deps/chunk-SU3UL5I2.js?v=3f37cdf6:2751
[ 8031890ms] [WARNING] [Vue warn]: Property "rootDraft" was accessed during render but is not defined on instance. 
  at <App> @ http://localhost:5173/node_modules/.vite/deps/chunk-SU3UL5I2.js?v=3f37cdf6:2230
[ 8031891ms] [WARNING] [Vue warn]: Unhandled error during execution of render function 
  at <App> @ http://localhost:5173/node_modules/.vite/deps/chunk-SU3UL5I2.js?v=3f37cdf6:2230
[ 8031891ms] [ERROR] TypeError: Cannot read properties of undefined (reading 'title')
    at Proxy._sfc_render (http://localhost:5173/src/App.vue?t=1780649486883:1182:44)
    at renderComponentRoot (http://localhost:5173/node_modules/.vite/deps/chunk-SU3UL5I2.js?v=3f37cdf6:6749:17)
    at ReactiveEffect.componentUpdateFn [as fn] (http://localhost:5173/node_modules/.vite/deps/chunk-SU3UL5I2.js?v=3f37cdf6:8322:46)
    at ReactiveEffect.run (http://localhost:5173/node_modules/.vite/deps/chunk-SU3UL5I2.js?v=3f37cdf6:534:19)
    at setupRenderEffect (http://localhost:5173/node_modules/.vite/deps/chunk-SU3UL5I2.js?v=3f37cdf6:8457:5)
    at mountComponent (http://localhost:5173/node_modules/.vite/deps/chunk-SU3UL5I2.js?v=3f37cdf6:8229:7)
    at processComponent (http://localhost:5173/node_modules/.vite/deps/chunk-SU3UL5I2.js?v=3f37cdf6:8181:9)
    at patch (http://localhost:5173/node_modules/.vite/deps/chunk-SU3UL5I2.js?v=3f37cdf6:7678:11)
    at render2 (http://localhost:5173/node_modules/.vite/deps/chunk-SU3UL5I2.js?v=3f37cdf6:9010:7)
    at context.reload (http://localhost:5173/node_modules/.vite/deps/chunk-SU3UL5I2.js?v=3f37cdf6:6428:15) @ http://localhost:5173/node_modules/.vite/deps/chunk-SU3UL5I2.js?v=3f37cdf6:2750
[ 8031891ms] [WARNING] [HMR] Something went wrong during Vue component hot-reload. Full reload required. @ http://localhost:5173/node_modules/.vite/deps/chunk-SU3UL5I2.js?v=3f37cdf6:2751
[ 8061292ms] [WARNING] [Vue warn]: Property "rootDraft" was accessed during render but is not defined on instance. 
  at <App> @ http://localhost:5173/node_modules/.vite/deps/chunk-SU3UL5I2.js?v=3f37cdf6:2230
[ 8061293ms] [WARNING] [Vue warn]: Unhandled error during execution of render function 
  at <App> @ http://localhost:5173/node_modules/.vite/deps/chunk-SU3UL5I2.js?v=3f37cdf6:2230
[ 8061293ms] [ERROR] TypeError: Cannot read properties of undefined (reading 'title')
    at Proxy._sfc_render (http://localhost:5173/src/App.vue?t=1780649486883:1182:44)
    at renderComponentRoot (http://localhost:5173/node_modules/.vite/deps/chunk-SU3UL5I2.js?v=3f37cdf6:6749:17)
    at ReactiveEffect.componentUpdateFn [as fn] (http://localhost:5173/node_modules/.vite/deps/chunk-SU3UL5I2.js?v=3f37cdf6:8322:46)
    at ReactiveEffect.run (http://localhost:5173/node_modules/.vite/deps/chunk-SU3UL5I2.js?v=3f37cdf6:534:19)
    at setupRenderEffect (http://localhost:5173/node_modules/.vite/deps/chunk-SU3UL5I2.js?v=3f37cdf6:8457:5)
    at mountComponent (http://localhost:5173/node_modules/.vite/deps/chunk-SU3UL5I2.js?v=3f37cdf6:8229:7)
    at processComponent (http://localhost:5173/node_modules/.vite/deps/chunk-SU3UL5I2.js?v=3f37cdf6:8181:9)
    at patch (http://localhost:5173/node_modules/.vite/deps/chunk-SU3UL5I2.js?v=3f37cdf6:7678:11)
    at render2 (http://localhost:5173/node_modules/.vite/deps/chunk-SU3UL5I2.js?v=3f37cdf6:9010:7)
    at context.reload (http://localhost:5173/node_modules/.vite/deps/chunk-SU3UL5I2.js?v=3f37cdf6:6428:15) @ http://localhost:5173/node_modules/.vite/deps/chunk-SU3UL5I2.js?v=3f37cdf6:2750
[ 8061293ms] [WARNING] [HMR] Something went wrong during Vue component hot-reload. Full reload required. @ http://localhost:5173/node_modules/.vite/deps/chunk-SU3UL5I2.js?v=3f37cdf6:2751
[ 8108050ms] [WARNING] [Vue warn]: Unhandled error during execution of render function 
  at <App> @ http://localhost:5173/node_modules/.vite/deps/chunk-SU3UL5I2.js?v=3f37cdf6:2230
[ 8108050ms] [ERROR] TypeError: Cannot read properties of undefined (reading 'title')
    at Proxy._sfc_render (http://localhost:5173/src/App.vue?t=1780649578488:1241:46)
    at renderComponentRoot (http://localhost:5173/node_modules/.vite/deps/chunk-SU3UL5I2.js?v=3f37cdf6:6749:17)
    at ReactiveEffect.componentUpdateFn [as fn] (http://localhost:5173/node_modules/.vite/deps/chunk-SU3UL5I2.js?v=3f37cdf6:8322:46)
    at ReactiveEffect.run (http://localhost:5173/node_modules/.vite/deps/chunk-SU3UL5I2.js?v=3f37cdf6:534:19)
    at http://localhost:5173/node_modules/.vite/deps/chunk-SU3UL5I2.js?v=3f37cdf6:2683:16
    at Array.forEach (<anonymous>)
    at rerender (http://localhost:5173/node_modules/.vite/deps/chunk-SU3UL5I2.js?v=3f37cdf6:2675:25)
    at Object.rerender (http://localhost:5173/node_modules/.vite/deps/chunk-SU3UL5I2.js?v=3f37cdf6:2749:14)
    at http://localhost:5173/src/App.vue?t=1780649531424:2000:25
    at http://localhost:5173/@vite/client:34:58 @ http://localhost:5173/node_modules/.vite/deps/chunk-SU3UL5I2.js?v=3f37cdf6:2750
[ 8108050ms] [WARNING] [HMR] Something went wrong during Vue component hot-reload. Full reload required. @ http://localhost:5173/node_modules/.vite/deps/chunk-SU3UL5I2.js?v=3f37cdf6:2751
[ 8139670ms] [WARNING] [Vue warn]: Unhandled error during execution of render function 
  at <App> @ http://localhost:5173/node_modules/.vite/deps/chunk-SU3UL5I2.js?v=3f37cdf6:2230
[ 8139670ms] [ERROR] TypeError: Cannot read properties of undefined (reading 'title')
    at Proxy._sfc_render (http://localhost:5173/src/App.vue?t=1780649578488:1241:46)
    at renderComponentRoot (http://localhost:5173/node_modules/.vite/deps/chunk-SU3UL5I2.js?v=3f37cdf6:6749:17)
    at ReactiveEffect.componentUpdateFn [as fn] (http://localhost:5173/node_modules/.vite/deps/chunk-SU3UL5I2.js?v=3f37cdf6:8322:46)
    at ReactiveEffect.run (http://localhost:5173/node_modules/.vite/deps/chunk-SU3UL5I2.js?v=3f37cdf6:534:19)
    at setupRenderEffect (http://localhost:5173/node_modules/.vite/deps/chunk-SU3UL5I2.js?v=3f37cdf6:8457:5)
    at mountComponent (http://localhost:5173/node_modules/.vite/deps/chunk-SU3UL5I2.js?v=3f37cdf6:8229:7)
    at processComponent (http://localhost:5173/node_modules/.vite/deps/chunk-SU3UL5I2.js?v=3f37cdf6:8181:9)
    at patch (http://localhost:5173/node_modules/.vite/deps/chunk-SU3UL5I2.js?v=3f37cdf6:7678:11)
    at render2 (http://localhost:5173/node_modules/.vite/deps/chunk-SU3UL5I2.js?v=3f37cdf6:9010:7)
    at context.reload (http://localhost:5173/node_modules/.vite/deps/chunk-SU3UL5I2.js?v=3f37cdf6:6428:15) @ http://localhost:5173/node_modules/.vite/deps/chunk-SU3UL5I2.js?v=3f37cdf6:2750
[ 8139670ms] [WARNING] [HMR] Something went wrong during Vue component hot-reload. Full reload required. @ http://localhost:5173/node_modules/.vite/deps/chunk-SU3UL5I2.js?v=3f37cdf6:2751
[ 8678864ms] [ERROR] Failed to load resource: the server responded with a status of 404 (Not Found) @ http://localhost:5173/src/App.vue?t=1780650149065:0
[ 8678865ms] [ERROR] [hmr] Failed to reload /src/App.vue. This could be due to syntax errors or importing non-existent modules. (see errors above) @ http://localhost:5173/@vite/client:175
[ 8975512ms] [WARNING] [Vue warn]: Unhandled error during execution of render function 
  at <App> @ http://localhost:5173/node_modules/.vite/deps/chunk-SU3UL5I2.js?v=3f37cdf6:2230
[ 8975512ms] [ERROR] TypeError: Cannot read properties of undefined (reading 'title')
    at Proxy._sfc_render (http://localhost:5173/src/App.vue?t=1780649578488:1241:46)
    at renderComponentRoot (http://localhost:5173/node_modules/.vite/deps/chunk-SU3UL5I2.js?v=3f37cdf6:6749:17)
    at ReactiveEffect.componentUpdateFn [as fn] (http://localhost:5173/node_modules/.vite/deps/chunk-SU3UL5I2.js?v=3f37cdf6:8322:46)
    at ReactiveEffect.run (http://localhost:5173/node_modules/.vite/deps/chunk-SU3UL5I2.js?v=3f37cdf6:534:19)
    at setupRenderEffect (http://localhost:5173/node_modules/.vite/deps/chunk-SU3UL5I2.js?v=3f37cdf6:8457:5)
    at mountComponent (http://localhost:5173/node_modules/.vite/deps/chunk-SU3UL5I2.js?v=3f37cdf6:8229:7)
    at processComponent (http://localhost:5173/node_modules/.vite/deps/chunk-SU3UL5I2.js?v=3f37cdf6:8181:9)
    at patch (http://localhost:5173/node_modules/.vite/deps/chunk-SU3UL5I2.js?v=3f37cdf6:7678:11)
    at render2 (http://localhost:5173/node_modules/.vite/deps/chunk-SU3UL5I2.js?v=3f37cdf6:9010:7)
    at context.reload (http://localhost:5173/node_modules/.vite/deps/chunk-SU3UL5I2.js?v=3f37cdf6:6428:15) @ http://localhost:5173/node_modules/.vite/deps/chunk-SU3UL5I2.js?v=3f37cdf6:2750
[ 8975512ms] [WARNING] [HMR] Something went wrong during Vue component hot-reload. Full reload required. @ http://localhost:5173/node_modules/.vite/deps/chunk-SU3UL5I2.js?v=3f37cdf6:2751
[ 8980176ms] [ERROR] Failed to load resource: the server responded with a status of 404 (Not Found) @ http://localhost:5173/src/styles.css?t=1780650450683:0
[ 8980177ms] [ERROR] [hmr] Failed to reload /src/styles.css. This could be due to syntax errors or importing non-existent modules. (see errors above) @ http://localhost:5173/@vite/client:175
[ 9221300ms] [WARNING] [Vue warn]: Unhandled error during execution of render function 
  at <App> @ http://localhost:5173/node_modules/.vite/deps/chunk-SU3UL5I2.js?v=3f37cdf6:2230
[ 9221300ms] [ERROR] TypeError: Cannot read properties of undefined (reading 'title')
    at Proxy._sfc_render (http://localhost:5173/src/App.vue?t=1780649578488:1241:46)
    at renderComponentRoot (http://localhost:5173/node_modules/.vite/deps/chunk-SU3UL5I2.js?v=3f37cdf6:6749:17)
    at ReactiveEffect.componentUpdateFn [as fn] (http://localhost:5173/node_modules/.vite/deps/chunk-SU3UL5I2.js?v=3f37cdf6:8322:46)
    at ReactiveEffect.run (http://localhost:5173/node_modules/.vite/deps/chunk-SU3UL5I2.js?v=3f37cdf6:534:19)
    at setupRenderEffect (http://localhost:5173/node_modules/.vite/deps/chunk-SU3UL5I2.js?v=3f37cdf6:8457:5)
    at mountComponent (http://localhost:5173/node_modules/.vite/deps/chunk-SU3UL5I2.js?v=3f37cdf6:8229:7)
    at processComponent (http://localhost:5173/node_modules/.vite/deps/chunk-SU3UL5I2.js?v=3f37cdf6:8181:9)
    at patch (http://localhost:5173/node_modules/.vite/deps/chunk-SU3UL5I2.js?v=3f37cdf6:7678:11)
    at render2 (http://localhost:5173/node_modules/.vite/deps/chunk-SU3UL5I2.js?v=3f37cdf6:9010:7)
    at context.reload (http://localhost:5173/node_modules/.vite/deps/chunk-SU3UL5I2.js?v=3f37cdf6:6428:15) @ http://localhost:5173/node_modules/.vite/deps/chunk-SU3UL5I2.js?v=3f37cdf6:2750
[ 9221300ms] [WARNING] [HMR] Something went wrong during Vue component hot-reload. Full reload required. @ http://localhost:5173/node_modules/.vite/deps/chunk-SU3UL5I2.js?v=3f37cdf6:2751
[ 9730982ms] [WARNING] [Vue warn]: Unhandled error during execution of render function 
  at <App> @ http://localhost:5173/node_modules/.vite/deps/chunk-SU3UL5I2.js?v=3f37cdf6:2230
[ 9730982ms] [ERROR] TypeError: Cannot read properties of undefined (reading 'name')
    at Proxy._sfc_render (http://localhost:5173/src/App.vue?t=1780651200965:1214:73)
    at renderComponentRoot (http://localhost:5173/node_modules/.vite/deps/chunk-SU3UL5I2.js?v=3f37cdf6:6749:17)
    at ReactiveEffect.componentUpdateFn [as fn] (http://localhost:5173/node_modules/.vite/deps/chunk-SU3UL5I2.js?v=3f37cdf6:8322:46)
    at ReactiveEffect.run (http://localhost:5173/node_modules/.vite/deps/chunk-SU3UL5I2.js?v=3f37cdf6:534:19)
    at http://localhost:5173/node_modules/.vite/deps/chunk-SU3UL5I2.js?v=3f37cdf6:2683:16
    at Array.forEach (<anonymous>)
    at rerender (http://localhost:5173/node_modules/.vite/deps/chunk-SU3UL5I2.js?v=3f37cdf6:2675:25)
    at Object.rerender (http://localhost:5173/node_modules/.vite/deps/chunk-SU3UL5I2.js?v=3f37cdf6:2749:14)
    at http://localhost:5173/src/App.vue?t=1780650691355:2375:25
    at http://localhost:5173/@vite/client:34:58 @ http://localhost:5173/node_modules/.vite/deps/chunk-SU3UL5I2.js?v=3f37cdf6:2750
[ 9730982ms] [WARNING] [HMR] Something went wrong during Vue component hot-reload. Full reload required. @ http://localhost:5173/node_modules/.vite/deps/chunk-SU3UL5I2.js?v=3f37cdf6:2751
[10485932ms] [WARNING] [Vue warn]: Unhandled error during execution of render function 
  at <App> @ http://localhost:5173/node_modules/.vite/deps/chunk-SU3UL5I2.js?v=3f37cdf6:2230
[10485932ms] [ERROR] TypeError: Cannot read properties of undefined (reading 'name')
    at Proxy._sfc_render (http://localhost:5173/src/App.vue?t=1780651200965:1214:73)
    at renderComponentRoot (http://localhost:5173/node_modules/.vite/deps/chunk-SU3UL5I2.js?v=3f37cdf6:6749:17)
    at ReactiveEffect.componentUpdateFn [as fn] (http://localhost:5173/node_modules/.vite/deps/chunk-SU3UL5I2.js?v=3f37cdf6:8322:46)
    at ReactiveEffect.run (http://localhost:5173/node_modules/.vite/deps/chunk-SU3UL5I2.js?v=3f37cdf6:534:19)
    at setupRenderEffect (http://localhost:5173/node_modules/.vite/deps/chunk-SU3UL5I2.js?v=3f37cdf6:8457:5)
    at mountComponent (http://localhost:5173/node_modules/.vite/deps/chunk-SU3UL5I2.js?v=3f37cdf6:8229:7)
    at processComponent (http://localhost:5173/node_modules/.vite/deps/chunk-SU3UL5I2.js?v=3f37cdf6:8181:9)
    at patch (http://localhost:5173/node_modules/.vite/deps/chunk-SU3UL5I2.js?v=3f37cdf6:7678:11)
    at render2 (http://localhost:5173/node_modules/.vite/deps/chunk-SU3UL5I2.js?v=3f37cdf6:9010:7)
    at context.reload (http://localhost:5173/node_modules/.vite/deps/chunk-SU3UL5I2.js?v=3f37cdf6:6428:15) @ http://localhost:5173/node_modules/.vite/deps/chunk-SU3UL5I2.js?v=3f37cdf6:2750
[10485932ms] [WARNING] [HMR] Something went wrong during Vue component hot-reload. Full reload required. @ http://localhost:5173/node_modules/.vite/deps/chunk-SU3UL5I2.js?v=3f37cdf6:2751
[11016874ms] [WARNING] [Vue warn]: Unhandled error during execution of render function 
  at <App> @ http://localhost:5173/node_modules/.vite/deps/chunk-SU3UL5I2.js?v=3f37cdf6:2230
[11016874ms] [ERROR] TypeError: Cannot read properties of undefined (reading 'name')
    at Proxy._sfc_render (http://localhost:5173/src/App.vue?t=1780651200965:1214:73)
    at renderComponentRoot (http://localhost:5173/node_modules/.vite/deps/chunk-SU3UL5I2.js?v=3f37cdf6:6749:17)
    at ReactiveEffect.componentUpdateFn [as fn] (http://localhost:5173/node_modules/.vite/deps/chunk-SU3UL5I2.js?v=3f37cdf6:8322:46)
    at ReactiveEffect.run (http://localhost:5173/node_modules/.vite/deps/chunk-SU3UL5I2.js?v=3f37cdf6:534:19)
    at setupRenderEffect (http://localhost:5173/node_modules/.vite/deps/chunk-SU3UL5I2.js?v=3f37cdf6:8457:5)
    at mountComponent (http://localhost:5173/node_modules/.vite/deps/chunk-SU3UL5I2.js?v=3f37cdf6:8229:7)
    at processComponent (http://localhost:5173/node_modules/.vite/deps/chunk-SU3UL5I2.js?v=3f37cdf6:8181:9)
    at patch (http://localhost:5173/node_modules/.vite/deps/chunk-SU3UL5I2.js?v=3f37cdf6:7678:11)
    at render2 (http://localhost:5173/node_modules/.vite/deps/chunk-SU3UL5I2.js?v=3f37cdf6:9010:7)
    at context.reload (http://localhost:5173/node_modules/.vite/deps/chunk-SU3UL5I2.js?v=3f37cdf6:6428:15) @ http://localhost:5173/node_modules/.vite/deps/chunk-SU3UL5I2.js?v=3f37cdf6:2750
[11016874ms] [WARNING] [HMR] Something went wrong during Vue component hot-reload. Full reload required. @ http://localhost:5173/node_modules/.vite/deps/chunk-SU3UL5I2.js?v=3f37cdf6:2751
[11441785ms] [WARNING] [Vue warn]: Unhandled error during execution of render function 
  at <App> @ http://localhost:5173/node_modules/.vite/deps/chunk-SU3UL5I2.js?v=3f37cdf6:2230
[11441785ms] [ERROR] TypeError: Cannot read properties of undefined (reading 'name')
    at Proxy._sfc_render (http://localhost:5173/src/App.vue?t=1780651200965:1214:73)
    at renderComponentRoot (http://localhost:5173/node_modules/.vite/deps/chunk-SU3UL5I2.js?v=3f37cdf6:6749:17)
    at ReactiveEffect.componentUpdateFn [as fn] (http://localhost:5173/node_modules/.vite/deps/chunk-SU3UL5I2.js?v=3f37cdf6:8322:46)
    at ReactiveEffect.run (http://localhost:5173/node_modules/.vite/deps/chunk-SU3UL5I2.js?v=3f37cdf6:534:19)
    at setupRenderEffect (http://localhost:5173/node_modules/.vite/deps/chunk-SU3UL5I2.js?v=3f37cdf6:8457:5)
    at mountComponent (http://localhost:5173/node_modules/.vite/deps/chunk-SU3UL5I2.js?v=3f37cdf6:8229:7)
    at processComponent (http://localhost:5173/node_modules/.vite/deps/chunk-SU3UL5I2.js?v=3f37cdf6:8181:9)
    at patch (http://localhost:5173/node_modules/.vite/deps/chunk-SU3UL5I2.js?v=3f37cdf6:7678:11)
    at render2 (http://localhost:5173/node_modules/.vite/deps/chunk-SU3UL5I2.js?v=3f37cdf6:9010:7)
    at context.reload (http://localhost:5173/node_modules/.vite/deps/chunk-SU3UL5I2.js?v=3f37cdf6:6428:15) @ http://localhost:5173/node_modules/.vite/deps/chunk-SU3UL5I2.js?v=3f37cdf6:2750
[11441785ms] [WARNING] [HMR] Something went wrong during Vue component hot-reload. Full reload required. @ http://localhost:5173/node_modules/.vite/deps/chunk-SU3UL5I2.js?v=3f37cdf6:2751
[11453699ms] [WARNING] [Vue warn]: Unhandled error during execution of render function 
  at <App> @ http://localhost:5173/node_modules/.vite/deps/chunk-SU3UL5I2.js?v=3f37cdf6:2230
[11453699ms] [ERROR] TypeError: Cannot read properties of undefined (reading 'name')
    at Proxy._sfc_render (http://localhost:5173/src/App.vue?t=1780651200965:1214:73)
    at renderComponentRoot (http://localhost:5173/node_modules/.vite/deps/chunk-SU3UL5I2.js?v=3f37cdf6:6749:17)
    at ReactiveEffect.componentUpdateFn [as fn] (http://localhost:5173/node_modules/.vite/deps/chunk-SU3UL5I2.js?v=3f37cdf6:8322:46)
    at ReactiveEffect.run (http://localhost:5173/node_modules/.vite/deps/chunk-SU3UL5I2.js?v=3f37cdf6:534:19)
    at setupRenderEffect (http://localhost:5173/node_modules/.vite/deps/chunk-SU3UL5I2.js?v=3f37cdf6:8457:5)
    at mountComponent (http://localhost:5173/node_modules/.vite/deps/chunk-SU3UL5I2.js?v=3f37cdf6:8229:7)
    at processComponent (http://localhost:5173/node_modules/.vite/deps/chunk-SU3UL5I2.js?v=3f37cdf6:8181:9)
    at patch (http://localhost:5173/node_modules/.vite/deps/chunk-SU3UL5I2.js?v=3f37cdf6:7678:11)
    at render2 (http://localhost:5173/node_modules/.vite/deps/chunk-SU3UL5I2.js?v=3f37cdf6:9010:7)
    at context.reload (http://localhost:5173/node_modules/.vite/deps/chunk-SU3UL5I2.js?v=3f37cdf6:6428:15) @ http://localhost:5173/node_modules/.vite/deps/chunk-SU3UL5I2.js?v=3f37cdf6:2750
[11453699ms] [WARNING] [HMR] Something went wrong during Vue component hot-reload. Full reload required. @ http://localhost:5173/node_modules/.vite/deps/chunk-SU3UL5I2.js?v=3f37cdf6:2751
[11465646ms] [WARNING] [Vue warn]: Unhandled error during execution of render function 
  at <App> @ http://localhost:5173/node_modules/.vite/deps/chunk-SU3UL5I2.js?v=3f37cdf6:2230
[11465646ms] [ERROR] TypeError: Cannot read properties of undefined (reading 'name')
    at Proxy._sfc_render (http://localhost:5173/src/App.vue?t=1780651200965:1214:73)
    at renderComponentRoot (http://localhost:5173/node_modules/.vite/deps/chunk-SU3UL5I2.js?v=3f37cdf6:6749:17)
    at ReactiveEffect.componentUpdateFn [as fn] (http://localhost:5173/node_modules/.vite/deps/chunk-SU3UL5I2.js?v=3f37cdf6:8322:46)
    at ReactiveEffect.run (http://localhost:5173/node_modules/.vite/deps/chunk-SU3UL5I2.js?v=3f37cdf6:534:19)
    at setupRenderEffect (http://localhost:5173/node_modules/.vite/deps/chunk-SU3UL5I2.js?v=3f37cdf6:8457:5)
    at mountComponent (http://localhost:5173/node_modules/.vite/deps/chunk-SU3UL5I2.js?v=3f37cdf6:8229:7)
    at processComponent (http://localhost:5173/node_modules/.vite/deps/chunk-SU3UL5I2.js?v=3f37cdf6:8181:9)
    at patch (http://localhost:5173/node_modules/.vite/deps/chunk-SU3UL5I2.js?v=3f37cdf6:7678:11)
    at render2 (http://localhost:5173/node_modules/.vite/deps/chunk-SU3UL5I2.js?v=3f37cdf6:9010:7)
    at context.reload (http://localhost:5173/node_modules/.vite/deps/chunk-SU3UL5I2.js?v=3f37cdf6:6428:15) @ http://localhost:5173/node_modules/.vite/deps/chunk-SU3UL5I2.js?v=3f37cdf6:2750
[11465646ms] [WARNING] [HMR] Something went wrong during Vue component hot-reload. Full reload required. @ http://localhost:5173/node_modules/.vite/deps/chunk-SU3UL5I2.js?v=3f37cdf6:2751
[11479576ms] [WARNING] [Vue warn]: Unhandled error during execution of render function 
  at <App> @ http://localhost:5173/node_modules/.vite/deps/chunk-SU3UL5I2.js?v=3f37cdf6:2230
[11479576ms] [ERROR] TypeError: Cannot read properties of undefined (reading 'name')
    at Proxy._sfc_render (http://localhost:5173/src/App.vue?t=1780651200965:1214:73)
    at renderComponentRoot (http://localhost:5173/node_modules/.vite/deps/chunk-SU3UL5I2.js?v=3f37cdf6:6749:17)
    at ReactiveEffect.componentUpdateFn [as fn] (http://localhost:5173/node_modules/.vite/deps/chunk-SU3UL5I2.js?v=3f37cdf6:8322:46)
    at ReactiveEffect.run (http://localhost:5173/node_modules/.vite/deps/chunk-SU3UL5I2.js?v=3f37cdf6:534:19)
    at setupRenderEffect (http://localhost:5173/node_modules/.vite/deps/chunk-SU3UL5I2.js?v=3f37cdf6:8457:5)
    at mountComponent (http://localhost:5173/node_modules/.vite/deps/chunk-SU3UL5I2.js?v=3f37cdf6:8229:7)
    at processComponent (http://localhost:5173/node_modules/.vite/deps/chunk-SU3UL5I2.js?v=3f37cdf6:8181:9)
    at patch (http://localhost:5173/node_modules/.vite/deps/chunk-SU3UL5I2.js?v=3f37cdf6:7678:11)
    at render2 (http://localhost:5173/node_modules/.vite/deps/chunk-SU3UL5I2.js?v=3f37cdf6:9010:7)
    at context.reload (http://localhost:5173/node_modules/.vite/deps/chunk-SU3UL5I2.js?v=3f37cdf6:6428:15) @ http://localhost:5173/node_modules/.vite/deps/chunk-SU3UL5I2.js?v=3f37cdf6:2750
[11479576ms] [WARNING] [HMR] Something went wrong during Vue component hot-reload. Full reload required. @ http://localhost:5173/node_modules/.vite/deps/chunk-SU3UL5I2.js?v=3f37cdf6:2751
[11520812ms] [WARNING] [Vue warn]: Unhandled error during execution of render function 
  at <App> @ http://localhost:5173/node_modules/.vite/deps/chunk-SU3UL5I2.js?v=3f37cdf6:2230
[11520812ms] [ERROR] TypeError: Cannot read properties of undefined (reading 'name')
    at Proxy._sfc_render (http://localhost:5173/src/App.vue?t=1780652990979:1380:73)
    at renderComponentRoot (http://localhost:5173/node_modules/.vite/deps/chunk-SU3UL5I2.js?v=3f37cdf6:6749:17)
    at ReactiveEffect.componentUpdateFn [as fn] (http://localhost:5173/node_modules/.vite/deps/chunk-SU3UL5I2.js?v=3f37cdf6:8322:46)
    at ReactiveEffect.run (http://localhost:5173/node_modules/.vite/deps/chunk-SU3UL5I2.js?v=3f37cdf6:534:19)
    at http://localhost:5173/node_modules/.vite/deps/chunk-SU3UL5I2.js?v=3f37cdf6:2683:16
    at Array.forEach (<anonymous>)
    at rerender (http://localhost:5173/node_modules/.vite/deps/chunk-SU3UL5I2.js?v=3f37cdf6:2675:25)
    at Object.rerender (http://localhost:5173/node_modules/.vite/deps/chunk-SU3UL5I2.js?v=3f37cdf6:2749:14)
    at http://localhost:5173/src/App.vue?t=1780652950037:2528:25
    at http://localhost:5173/@vite/client:34:58 @ http://localhost:5173/node_modules/.vite/deps/chunk-SU3UL5I2.js?v=3f37cdf6:2750
[11520813ms] [WARNING] [HMR] Something went wrong during Vue component hot-reload. Full reload required. @ http://localhost:5173/node_modules/.vite/deps/chunk-SU3UL5I2.js?v=3f37cdf6:2751
[11554164ms] [WARNING] [Vue warn]: Unhandled error during execution of render function 
  at <App> @ http://localhost:5173/node_modules/.vite/deps/chunk-SU3UL5I2.js?v=3f37cdf6:2230
[11554165ms] [ERROR] TypeError: Cannot read properties of undefined (reading 'name')
    at Proxy._sfc_render (http://localhost:5173/src/App.vue?t=1780652990979:1380:73)
    at renderComponentRoot (http://localhost:5173/node_modules/.vite/deps/chunk-SU3UL5I2.js?v=3f37cdf6:6749:17)
    at ReactiveEffect.componentUpdateFn [as fn] (http://localhost:5173/node_modules/.vite/deps/chunk-SU3UL5I2.js?v=3f37cdf6:8322:46)
    at ReactiveEffect.run (http://localhost:5173/node_modules/.vite/deps/chunk-SU3UL5I2.js?v=3f37cdf6:534:19)
    at setupRenderEffect (http://localhost:5173/node_modules/.vite/deps/chunk-SU3UL5I2.js?v=3f37cdf6:8457:5)
    at mountComponent (http://localhost:5173/node_modules/.vite/deps/chunk-SU3UL5I2.js?v=3f37cdf6:8229:7)
    at processComponent (http://localhost:5173/node_modules/.vite/deps/chunk-SU3UL5I2.js?v=3f37cdf6:8181:9)
    at patch (http://localhost:5173/node_modules/.vite/deps/chunk-SU3UL5I2.js?v=3f37cdf6:7678:11)
    at render2 (http://localhost:5173/node_modules/.vite/deps/chunk-SU3UL5I2.js?v=3f37cdf6:9010:7)
    at context.reload (http://localhost:5173/node_modules/.vite/deps/chunk-SU3UL5I2.js?v=3f37cdf6:6428:15) @ http://localhost:5173/node_modules/.vite/deps/chunk-SU3UL5I2.js?v=3f37cdf6:2750
[11554165ms] [WARNING] [HMR] Something went wrong during Vue component hot-reload. Full reload required. @ http://localhost:5173/node_modules/.vite/deps/chunk-SU3UL5I2.js?v=3f37cdf6:2751
[11574615ms] [WARNING] [Vue warn]: Unhandled error during execution of render function 
  at <App> @ http://localhost:5173/node_modules/.vite/deps/chunk-SU3UL5I2.js?v=3f37cdf6:2230
[11574615ms] [ERROR] TypeError: Cannot read properties of undefined (reading 'name')
    at Proxy._sfc_render (http://localhost:5173/src/App.vue?t=1780652990979:1380:73)
    at renderComponentRoot (http://localhost:5173/node_modules/.vite/deps/chunk-SU3UL5I2.js?v=3f37cdf6:6749:17)
    at ReactiveEffect.componentUpdateFn [as fn] (http://localhost:5173/node_modules/.vite/deps/chunk-SU3UL5I2.js?v=3f37cdf6:8322:46)
    at ReactiveEffect.run (http://localhost:5173/node_modules/.vite/deps/chunk-SU3UL5I2.js?v=3f37cdf6:534:19)
    at setupRenderEffect (http://localhost:5173/node_modules/.vite/deps/chunk-SU3UL5I2.js?v=3f37cdf6:8457:5)
    at mountComponent (http://localhost:5173/node_modules/.vite/deps/chunk-SU3UL5I2.js?v=3f37cdf6:8229:7)
    at processComponent (http://localhost:5173/node_modules/.vite/deps/chunk-SU3UL5I2.js?v=3f37cdf6:8181:9)
    at patch (http://localhost:5173/node_modules/.vite/deps/chunk-SU3UL5I2.js?v=3f37cdf6:7678:11)
    at render2 (http://localhost:5173/node_modules/.vite/deps/chunk-SU3UL5I2.js?v=3f37cdf6:9010:7)
    at context.reload (http://localhost:5173/node_modules/.vite/deps/chunk-SU3UL5I2.js?v=3f37cdf6:6428:15) @ http://localhost:5173/node_modules/.vite/deps/chunk-SU3UL5I2.js?v=3f37cdf6:2750
[11574615ms] [WARNING] [HMR] Something went wrong during Vue component hot-reload. Full reload required. @ http://localhost:5173/node_modules/.vite/deps/chunk-SU3UL5I2.js?v=3f37cdf6:2751
[11587778ms] [WARNING] [Vue warn]: Unhandled error during execution of render function 
  at <App> @ http://localhost:5173/node_modules/.vite/deps/chunk-SU3UL5I2.js?v=3f37cdf6:2230
[11587778ms] [ERROR] TypeError: Cannot read properties of undefined (reading 'name')
    at Proxy._sfc_render (http://localhost:5173/src/App.vue?t=1780652990979:1380:73)
    at renderComponentRoot (http://localhost:5173/node_modules/.vite/deps/chunk-SU3UL5I2.js?v=3f37cdf6:6749:17)
    at ReactiveEffect.componentUpdateFn [as fn] (http://localhost:5173/node_modules/.vite/deps/chunk-SU3UL5I2.js?v=3f37cdf6:8322:46)
    at ReactiveEffect.run (http://localhost:5173/node_modules/.vite/deps/chunk-SU3UL5I2.js?v=3f37cdf6:534:19)
    at setupRenderEffect (http://localhost:5173/node_modules/.vite/deps/chunk-SU3UL5I2.js?v=3f37cdf6:8457:5)
    at mountComponent (http://localhost:5173/node_modules/.vite/deps/chunk-SU3UL5I2.js?v=3f37cdf6:8229:7)
    at processComponent (http://localhost:5173/node_modules/.vite/deps/chunk-SU3UL5I2.js?v=3f37cdf6:8181:9)
    at patch (http://localhost:5173/node_modules/.vite/deps/chunk-SU3UL5I2.js?v=3f37cdf6:7678:11)
    at render2 (http://localhost:5173/node_modules/.vite/deps/chunk-SU3UL5I2.js?v=3f37cdf6:9010:7)
    at context.reload (http://localhost:5173/node_modules/.vite/deps/chunk-SU3UL5I2.js?v=3f37cdf6:6428:15) @ http://localhost:5173/node_modules/.vite/deps/chunk-SU3UL5I2.js?v=3f37cdf6:2750
[11587778ms] [WARNING] [HMR] Something went wrong during Vue component hot-reload. Full reload required. @ http://localhost:5173/node_modules/.vite/deps/chunk-SU3UL5I2.js?v=3f37cdf6:2751
